Microchip MPLAB XC8 Compiler V2.50

Linker command line:

-W-3 \
  --edf=C:\Program Files\Microchip\xc8\v2.50\pic\dat\20240725155939_en.msgs \
  -cn -h+dist/default/production\EM608_FirmwareV1.0.X.production.sym \
  --cmf=dist/default/production\EM608_FirmwareV1.0.X.production.cmf -z \
  -Q18F46K80 -oC:\Users\Rajesh\AppData\Local\Temp\xcAsenk.\driver_tmp_3.o \
  --defsym=__MPLAB_BUILD=1 --fixupoverflow=error \
  -Mdist/default/production/EM608_FirmwareV1.0.X.production.map \
  --md=C:\Users\Rajesh\AppData\Local\Temp\xcAsenk.\driver_tmp_0.dat -E1 \
  -ver=XC8 Compiler --acfsm=1493 -ACODE=00h-0FFFFh -ACONST=00h-0FFFFh \
  -ASMALLCONST=01000h-010FFhx240 -AMEDIUMCONST=01000h-0FFFFh \
  -ACOMRAM=01h-05Fh -AABS1=00h-0E40h -ABIGRAM=01h-0E40h \
  -ARAM=060h-0FFh,0100h-01FFhx13,0E00h-0E40h -ABANK0=060h-0FFh \
  -ABANK1=0100h-01FFh -ABANK2=0200h-02FFh -ABANK3=0300h-03FFh \
  -ABANK4=0400h-04FFh -ABANK5=0500h-05FFh -ABANK6=0600h-06FFh \
  -ABANK7=0700h-07FFh -ABANK8=0800h-08FFh -ABANK9=0900h-09FFh \
  -ABANK10=0A00h-0AFFh -ABANK11=0B00h-0BFFh -ABANK12=0C00h-0CFFh \
  -ABANK13=0D00h-0DFFh -ABANK14=0E00h-0E40h \
  -ASFR=0E41h-0EFFh,0F00h-0F5Fh,0F60h-0FFFh -ABIGSFR=0E41h-0FFFh \
  -ACONFIG=0300000h-030000Dh -AIDLOC=0200000h-0200007h \
  -AEEDATA=0F00000h-0F003FFh -peeprom_data=EEDATA \
  -preset_vec=00h,intcode=8h,intcodelo,powerup,init -pramtop=01000h \
  -psmallconst=SMALLCONST -pmediumconst=MEDIUMCONST -pconst=CONST \
  -AFARRAM=00h-00h \
  -prdata=COMRAM,nvrram=COMRAM,nvbit=COMRAM,rbss=COMRAM,rbit=COMRAM \
  -pfarbss=FARRAM,fardata=FARRAM,nvFARRAM=FARRAM \
  -pintsave_regs=BIGRAM,bigbss=BIGRAM,bigdata=BIGRAM -pbss=RAM \
  -pidata=CODE,irdata=CODE,ibigdata=CODE,ifardata=CODE -prparam=COMRAM \
  C:\Users\Rajesh\AppData\Local\Temp\xcAsenk.\driver_tmp_9.o \
  dist/default/production\EM608_FirmwareV1.0.X.production.o 

Object code version is 3.11

Machine type is 18F46K80



                Name                               Link     Load   Length Selector   Space Scale
C:\Users\Rajesh\AppData\Local\Temp\xcAsenk.\driver_tmp_9.o
                config                           300000   300000        E        0       4
                init                                 F6       F6        4        4       0
                reset_vec                             0        0        4        0       0
dist/default/production\EM608_FirmwareV1.0.X.production.o
                intcode                               8        8       EE        4       0
                config                           300000   300000        E        0       4
                temp                                 39       39        1        1       1
                smallconst                         1000     1000       32      800       0
                text32                             14B6     14B6        2      819       0
                text31                             149C     149C        6      819       0
                text30                             1032     1032       D8      819       0
                text29                             1320     1320       34      819       0
                text28                             14B4     14B4        2      819       0
                text27                             11F6     11F6       46      819       0
                text26                             11AE     11AE       48      819       0
                text25                             12EA     12EA       36      819       0
                text24                             13AA     13AA       28      819       0
                text23                             14B2     14B2        2      819       0
                text22                             12B0     12B0       3A      819       0
                text20                             144A     144A        C      819       0
                text19                             1414     1414       1C      819       0
                text18                             13F8     13F8       1C      819       0
                text17                             110A     110A       58      819       0
                text16                             1492     1492        A      819       0
                text15                             1488     1488        A      819       0
                text14                             147E     147E        A      819       0
                text13                             1474     1474        A      819       0
                text12                             1162     1162       4C      819       0
                text11                             1382     1382       28      819       0
                text10                             146A     146A        A      819       0
                text9                              13D2     13D2       26      819       0
                text8                              1460     1460        A      819       0
                text7                              1456     1456        A      819       0
                text6                              1276     1276       3A      819       0
                text5                              1430     1430       1A      819       0
                text4                              14AE     14AE        4      819       0
                text3                              14AA     14AA        4      819       0
                text2                              14A6     14A6        4      819       0
                text1                              14A2     14A2        4      819       0
                text0                              123C     123C       3A      819       0
                cstackCOMRAM                         23       23        C        1       1
                bssBANK1                            100      100       80      100       1
                bssBANK0                             60       60       80       60       1
                bssCOMRAM                             1        1       22        1       1
                cinit                              1354     1354       2E      819       0
                nvCOMRAM                             2F       2F        A        1       1

TOTAL           Name                               Link     Load   Length     Space
        CLASS   CODE           
                intcode                               8        8       EE         0
                init                                 F6       F6        4         0
                reset_vec                             0        0        4         0
                text32                             14B6     14B6        2         0
                text31                             149C     149C        6         0
                text30                             1032     1032       D8         0
                text29                             1320     1320       34         0
                text28                             14B4     14B4        2         0
                text27                             11F6     11F6       46         0
                text26                             11AE     11AE       48         0
                text25                             12EA     12EA       36         0
                text24                             13AA     13AA       28         0
                text23                             14B2     14B2        2         0
                text22                             12B0     12B0       3A         0
                text20                             144A     144A        C         0
                text19                             1414     1414       1C         0
                text18                             13F8     13F8       1C         0
                text17                             110A     110A       58         0
                text16                             1492     1492        A         0
                text15                             1488     1488        A         0
                text14                             147E     147E        A         0
                text13                             1474     1474        A         0
                text12                             1162     1162       4C         0
                text11                             1382     1382       28         0
                text10                             146A     146A        A         0
                text9                              13D2     13D2       26         0
                text8                              1460     1460        A         0
                text7                              1456     1456        A         0
                text6                              1276     1276       3A         0
                text5                              1430     1430       1A         0
                text4                              14AE     14AE        4         0
                text3                              14AA     14AA        4         0
                text2                              14A6     14A6        4         0
                text1                              14A2     14A2        4         0
                text0                              123C     123C       3A         0
                cinit                              1354     1354       2E         0

        CLASS   CONST          

        CLASS   SMALLCONST     
                smallconst                         1000     1000       32         0

        CLASS   MEDIUMCONST    

        CLASS   COMRAM         
                temp                                 39       39        1         1
                cstackCOMRAM                         23       23        C         1
                bssCOMRAM                             1        1       22         1
                nvCOMRAM                             2F       2F        A         1

        CLASS   ABS1           

        CLASS   BIGRAM         

        CLASS   RAM            

        CLASS   BANK0          
                bssBANK0                             60       60       80         1

        CLASS   BANK1          
                bssBANK1                            100      100       80         1

        CLASS   BANK2          

        CLASS   BANK3          

        CLASS   BANK4          

        CLASS   BANK5          

        CLASS   BANK6          

        CLASS   BANK7          

        CLASS   BANK8          

        CLASS   BANK9          

        CLASS   BANK10         

        CLASS   BANK11         

        CLASS   BANK12         

        CLASS   BANK13         

        CLASS   BANK14         

        CLASS   SFR            

        CLASS   BIGSFR         

        CLASS   CONFIG         
                config                           300000   300000        E         4

        CLASS   IDLOC          

        CLASS   EEDATA         

        CLASS   FARRAM         

        CLASS   HEAP           

        CLASS   STACK          



SEGMENTS        Name                           Load    Length   Top    Selector   Space  Class

                reset_vec                      000000  000004  000004         0       0  CODE    
                bssCOMRAM                      000001  000039  00003A         1       1  COMRAM  
                intcode                        000008  0000F2  0000FA         4       0  CODE    
                bssBANK0                       000060  000080  0000E0        60       1  BANK0   
                bssBANK1                       000100  000080  000180       100       1  BANK1   
                smallconst                     001000  000032  001032       800       0  SMALLCON
                text30                         001032  000486  0014B8       819       0  CODE    


UNUSED ADDRESS RANGES

        Name                Unused          Largest block    Delta
        BANK0            0000E0-0000FF               20
        BANK1            000180-0001FF               80
        BANK10           000A00-000AFF              100
        BANK11           000B00-000BFF              100
        BANK12           000C00-000CFF              100
        BANK13           000D00-000DFF              100
        BANK14           000E00-000E40               41
        BANK2            000200-0002FF              100
        BANK3            000300-0003FF              100
        BANK4            000400-0004FF              100
        BANK5            000500-0005FF              100
        BANK6            000600-0006FF              100
        BANK7            000700-0007FF              100
        BANK8            000800-0008FF              100
        BANK9            000900-0009FF              100
        BIGRAM           00003A-00005F               26
                         0000E0-0000FF               20
                         000180-000E40              CC1
        BIGSFR           000E41-000FFF              1BF
        CODE             000004-000007                4
                         0000FA-000FFF              F06
                         0014B8-00FFFF             EB48
        COMRAM           00003A-00005F               26
        CONST            000004-000007                4
                         0000FA-000FFF              F06
                         0014B8-00FFFF             EB48
        EEDATA           F00000-F003FF              400
        IDLOC            200000-200007                8
        MEDIUMCONST      0014B8-00FFFF             EB48
        RAM              0000E0-0000FF               20
                         000180-000E40              100
        SFR              000E41-000FFF               BF
        SMALLCONST       0014B8-00FFFF              100

                                  Symbol Table

EUSART1_FramingErrorCallbackRegister@callbackHandler cstackCOMRAM 00002B
EUSART1_OverrunErrorCallbackRegister@callbackHandler cstackCOMRAM 00002B
EUSART1_ReceiveISR@regValue                          cstackCOMRAM 000023
EUSART1_ReceiveISR@tempRxHead                        cstackCOMRAM 000024
EUSART1_TransmitISR@tempTxTail                       cstackCOMRAM 000023
INT0_SetInterruptHandler@InterruptHandler            cstackCOMRAM 00002B
INT1_SetInterruptHandler@InterruptHandler            cstackCOMRAM 00002B
INT2_SetInterruptHandler@InterruptHandler            cstackCOMRAM 00002B
INT3_SetInterruptHandler@InterruptHandler            cstackCOMRAM 00002B
TMR0_OverflowCallbackRegister@callbackHandler        cstackCOMRAM 00002B
TMR1_CounterSet@timerVal                             cstackCOMRAM 000023
TMR1_GateCallbackRegister@CallbackHandler            cstackCOMRAM 00002B
TMR1_OverflowCallbackRegister@CallbackHandler        cstackCOMRAM 00002B
_BAUDCON1                                            (abs)        000FA7
_BAUDCON1bits                                        (abs)        000FA7
_CLOCK_Initialize                                    text20       00144A
_EUSART1_AutoBaudQuery                               (abs)        000000
_EUSART1_AutoBaudSet                                 (abs)        000000
_EUSART1_DefaultFramingErrorCallback                 text32       0014B6
_EUSART1_DefaultOverrunErrorCallback                 text31       00149C
_EUSART1_Deinitialize                                (abs)        000000
_EUSART1_ErrorGet                                    (abs)        000000
_EUSART1_FramingErrorCallbackRegister                text19       001414
_EUSART1_FramingErrorHandler                         bssCOMRAM    000003
_EUSART1_Initialize                                  text17       00110A
_EUSART1_IsRxReady                                   (abs)        000000
_EUSART1_IsTxDone                                    (abs)        000000
_EUSART1_IsTxReady                                   (abs)        000000
_EUSART1_OverrunErrorCallbackRegister                text18       0013F8
_EUSART1_OverrunErrorHandler                         bssCOMRAM    000001
_EUSART1_Read                                        (abs)        000000
_EUSART1_ReceiveISR                                  text30       001032
_EUSART1_RxCompleteCallbackRegister                  (abs)        000000
_EUSART1_RxCompleteInterruptHandler                  bssCOMRAM    000005
_EUSART1_RxInterruptHandler                          nvCOMRAM     000035
_EUSART1_TransmitDisable                             (abs)        000000
_EUSART1_TransmitEnable                              (abs)        000000
_EUSART1_TransmitISR                                 text29       001320
_EUSART1_TxCompleteCallbackRegister                  (abs)        000000
_EUSART1_TxCompleteInterruptHandler                  bssCOMRAM    000007
_EUSART1_TxInterruptHandler                          nvCOMRAM     000037
_EUSART1_Write                                       (abs)        000000
_INT0_DefaultInterruptHandler                        (abs)        000000
_INT0_InterruptHandler                               bssCOMRAM    00001B
_INT0_SetInterruptHandler                            text16       001492
_INT1_DefaultInterruptHandler                        (abs)        000000
_INT1_InterruptHandler                               bssCOMRAM    000019
_INT1_SetInterruptHandler                            text15       001488
_INT2_DefaultInterruptHandler                        (abs)        000000
_INT2_InterruptHandler                               bssCOMRAM    000017
_INT2_SetInterruptHandler                            text14       00147E
_INT3_DefaultInterruptHandler                        (abs)        000000
_INT3_InterruptHandler                               bssCOMRAM    000015
_INT3_SetInterruptHandler                            text13       001474
_INTCON2bits                                         (abs)        000FF1
_INTCON3bits                                         (abs)        000FF0
_INTCONbits                                          (abs)        000FF2
_INTERRUPT_Initialize                                text12       001162
_INTERRUPT_InterruptManagerHigh                      intcode      000008
_IOCB                                                (abs)        000F5A
_IPR1bits                                            (abs)        000F9F
_LATA                                                (abs)        000F89
_LATAbits                                            (abs)        000F89
_LATB                                                (abs)        000F8A
_LATC                                                (abs)        000F8B
_LATD                                                (abs)        000F8C
_LATE                                                (abs)        000F8D
_MyTimer0Callback                                    text27       0011F6
_MyTimer1Callback                                    text26       0011AE
_OSCCON                                              (abs)        000FD3
_OSCCON2                                             (abs)        000FD2
_OSCTUNE                                             (abs)        000F9B
_PIE1bits                                            (abs)        000F9D
_PIN_MANAGER_Initialize                              text11       001382
_PIR1bits                                            (abs)        000F9E
_RCONbits                                            (abs)        000FD0
_RCREG1                                              (abs)        000FAE
_RCSTA1                                              (abs)        000FAB
_RCSTA1bits                                          (abs)        000FAB
_REFOCON                                             (abs)        000F9A
_SPBRG1                                              (abs)        000FAF
_SPBRGH1                                             (abs)        000F7D
_SYSTEM_Initialize                                   text5        001430
_T0CON                                               (abs)        000FD5
_T0CONbits                                           (abs)        000FD5
_T1CON                                               (abs)        000FCD
_T1CONbits                                           (abs)        000FCD
_T1GCON                                              (abs)        000FAA
_T1GCONbits                                          (abs)        000FAA
_TMR0H                                               (abs)        000FD7
_TMR0L                                               (abs)        000FD6
_TMR0_DefaultOverflowCallback                        text28       0014B4
_TMR0_Initialize                                     text9        0013D2
_TMR0_OverflowCallback                               nvCOMRAM     000033
_TMR0_OverflowCallbackRegister                       text10       00146A
_TMR0_OverflowISR                                    text25       0012EA
_TMR0_Start                                          text4        0014AE
_TMR0_TMRInterruptEnable                             text3        0014AA
_TMR1H                                               (abs)        000FCF
_TMR1L                                               (abs)        000FCE
_TMR1_CounterSet                                     text24       0013AA
_TMR1_DefaultGateCallback                            (abs)        000000
_TMR1_DefaultOverflowCallback                        text23       0014B2
_TMR1_GateCallback                                   nvCOMRAM     00002F
_TMR1_GateCallbackRegister                           text8        001460
_TMR1_Initialize                                     text6        001276
_TMR1_OverflowCallback                               nvCOMRAM     000031
_TMR1_OverflowCallbackRegister                       text7        001456
_TMR1_OverflowISR                                    text22       0012B0
_TMR1_Start                                          text2        0014A6
_TMR1_TMRInterruptEnable                             text1        0014A2
_TRISA                                               (abs)        000F92
_TRISB                                               (abs)        000F93
_TRISC                                               (abs)        000F94
_TRISD                                               (abs)        000F95
_TRISE                                               (abs)        000F96
_TXREG1                                              (abs)        000FAD
_TXSTA1                                              (abs)        000FAC
_TXSTA1bits                                          (abs)        000FAC
_UART1                                               smallconst   001001
_WPUB                                                (abs)        000F5B
__HRAM                                               (abs)        000000
__H__absolute__                                      __absolute__ 000000
__Habs1                                              abs1         000000
__Hbank0                                             bank0        000000
__Hbank1                                             bank1        000000
__Hbank10                                            bank10       000000
__Hbank11                                            bank11       000000
__Hbank12                                            bank12       000000
__Hbank13                                            bank13       000000
__Hbank14                                            bank14       000000
__Hbank2                                             bank2        000000
__Hbank3                                             bank3        000000
__Hbank4                                             bank4        000000
__Hbank5                                             bank5        000000
__Hbank6                                             bank6        000000
__Hbank7                                             bank7        000000
__Hbank8                                             bank8        000000
__Hbank9                                             bank9        000000
__Hbigbss                                            bigbss       000000
__Hbigdata                                           bigdata      000000
__Hbigram                                            bigram       000000
__Hbigsfr                                            bigsfr       000000
__Hbss                                               bss          000000
__HbssBANK0                                          bssBANK0     000000
__HbssBANK1                                          bssBANK1     000000
__HbssCOMRAM                                         bssCOMRAM    000000
__Hcinit                                             cinit        000000
__Hclrtext                                           clrtext      000000
__Hcomram                                            comram       000000
__Hconfig                                            config       30000E
__Hconst                                             const        000000
__HcstackCOMRAM                                      cstackCOMRAM 000000
__Hdata                                              data         000000
__Heeprom_data                                       eeprom_data  000000
__Hfarbss                                            farbss       000000
__Hfardata                                           fardata      000000
__Hheap                                              heap         000000
__Hibigdata                                          ibigdata     000000
__Hidata                                             idata        000000
__Hidloc                                             idloc        000000
__Hifardata                                          ifardata     000000
__Hinit                                              init         0000FA
__Hintcode                                           intcode      0000F6
__Hintcode_body                                      intcode_body 000000
__Hintcodelo                                         intcodelo    0000F6
__Hintentry                                          intentry     000000
__Hintret                                            intret       000000
__Hintsave_regs                                      intsave_regs 000000
__Hirdata                                            irdata       000000
__Hmediumconst                                       mediumconst  000000
__HnvCOMRAM                                          nvCOMRAM     000000
__HnvFARRAM                                          nvFARRAM     000000
__Hnvbit                                             nvbit        000000
__Hnvrram                                            nvrram       000000
__Hparam                                             rparam       000000
__Hpowerup                                           powerup      0000F6
__Hram                                               ram          000000
__Hramtop                                            ramtop       001000
__Hrbit                                              rbit         000000
__Hrbss                                              rbss         000000
__Hrdata                                             rdata        000000
__Hreset_vec                                         reset_vec    000004
__Hrparam                                            rparam       000000
__Hsfr                                               sfr          000000
__Hsivt_hi                                           sivt_hi      000000
__Hsivt_lo                                           sivt_lo      000000
__Hsmallconst                                        smallconst   001032
__Hspace_0                                           (abs)        0014B8
__Hspace_1                                           (abs)        000180
__Hspace_2                                           (abs)        000000
__Hspace_4                                           (abs)        60000E
__Hstack                                             stack        000000
__Hstruct                                            struct       000000
__Htemp                                              temp         00003A
__Htext                                              text         000000
__Htext0                                             text0        000000
__Htext1                                             text1        000000
__Htext10                                            text10       000000
__Htext11                                            text11       000000
__Htext12                                            text12       000000
__Htext13                                            text13       000000
__Htext14                                            text14       000000
__Htext15                                            text15       000000
__Htext16                                            text16       000000
__Htext17                                            text17       000000
__Htext18                                            text18       000000
__Htext19                                            text19       000000
__Htext2                                             text2        000000
__Htext20                                            text20       000000
__Htext22                                            text22       000000
__Htext23                                            text23       000000
__Htext24                                            text24       000000
__Htext25                                            text25       000000
__Htext26                                            text26       000000
__Htext27                                            text27       000000
__Htext28                                            text28       000000
__Htext29                                            text29       000000
__Htext3                                             text3        000000
__Htext30                                            text30       000000
__Htext31                                            text31       000000
__Htext32                                            text32       000000
__Htext4                                             text4        000000
__Htext5                                             text5        000000
__Htext6                                             text6        000000
__Htext7                                             text7        000000
__Htext8                                             text8        000000
__Htext9                                             text9        000000
__LRAM                                               (abs)        000001
__L__absolute__                                      __absolute__ 000000
__Labs1                                              abs1         000000
__Lbank0                                             bank0        000000
__Lbank1                                             bank1        000000
__Lbank10                                            bank10       000000
__Lbank11                                            bank11       000000
__Lbank12                                            bank12       000000
__Lbank13                                            bank13       000000
__Lbank14                                            bank14       000000
__Lbank2                                             bank2        000000
__Lbank3                                             bank3        000000
__Lbank4                                             bank4        000000
__Lbank5                                             bank5        000000
__Lbank6                                             bank6        000000
__Lbank7                                             bank7        000000
__Lbank8                                             bank8        000000
__Lbank9                                             bank9        000000
__Lbigbss                                            bigbss       000000
__Lbigdata                                           bigdata      000000
__Lbigram                                            bigram       000000
__Lbigsfr                                            bigsfr       000000
__Lbss                                               bss          000000
__LbssBANK0                                          bssBANK0     000000
__LbssBANK1                                          bssBANK1     000000
__LbssCOMRAM                                         bssCOMRAM    000000
__Lcinit                                             cinit        000000
__Lclrtext                                           clrtext      000000
__Lcomram                                            comram       000000
__Lconfig                                            config       000000
__Lconst                                             const        000000
__LcstackCOMRAM                                      cstackCOMRAM 000000
__Ldata                                              data         000000
__Leeprom_data                                       eeprom_data  000000
__Lfarbss                                            farbss       000000
__Lfardata                                           fardata      000000
__Lheap                                              heap         000000
__Libigdata                                          ibigdata     000000
__Lidata                                             idata        000000
__Lidloc                                             idloc        000000
__Lifardata                                          ifardata     000000
__Linit                                              init         0000F6
__Lintcode                                           intcode      000008
__Lintcode_body                                      intcode_body 000000
__Lintcodelo                                         intcodelo    0000F6
__Lintentry                                          intentry     000000
__Lintret                                            intret       000000
__Lintsave_regs                                      intsave_regs 000000
__Lirdata                                            irdata       000000
__Lmediumconst                                       mediumconst  000000
__LnvCOMRAM                                          nvCOMRAM     000000
__LnvFARRAM                                          nvFARRAM     000000
__Lnvbit                                             nvbit        000000
__Lnvrram                                            nvrram       000000
__Lparam                                             rparam       000000
__Lpowerup                                           powerup      0000F6
__Lram                                               ram          000000
__Lramtop                                            ramtop       001000
__Lrbit                                              rbit         000000
__Lrbss                                              rbss         000000
__Lrdata                                             rdata        000000
__Lreset_vec                                         reset_vec    000000
__Lrparam                                            rparam       000000
__Lsfr                                               sfr          000000
__Lsivt_hi                                           sivt_hi      000000
__Lsivt_lo                                           sivt_lo      000000
__Lsmallconst                                        smallconst   001000
__Lspace_0                                           (abs)        000000
__Lspace_1                                           (abs)        000000
__Lspace_2                                           (abs)        000000
__Lspace_4                                           (abs)        000000
__Lstack                                             stack        000000
__Lstruct                                            struct       000000
__Ltemp                                              temp         000039
__Ltext                                              text         000000
__Ltext0                                             text0        000000
__Ltext1                                             text1        000000
__Ltext10                                            text10       000000
__Ltext11                                            text11       000000
__Ltext12                                            text12       000000
__Ltext13                                            text13       000000
__Ltext14                                            text14       000000
__Ltext15                                            text15       000000
__Ltext16                                            text16       000000
__Ltext17                                            text17       000000
__Ltext18                                            text18       000000
__Ltext19                                            text19       000000
__Ltext2                                             text2        000000
__Ltext20                                            text20       000000
__Ltext22                                            text22       000000
__Ltext23                                            text23       000000
__Ltext24                                            text24       000000
__Ltext25                                            text25       000000
__Ltext26                                            text26       000000
__Ltext27                                            text27       000000
__Ltext28                                            text28       000000
__Ltext29                                            text29       000000
__Ltext3                                             text3        000000
__Ltext30                                            text30       000000
__Ltext31                                            text31       000000
__Ltext32                                            text32       000000
__Ltext4                                             text4        000000
__Ltext5                                             text5        000000
__Ltext6                                             text6        000000
__Ltext7                                             text7        000000
__Ltext8                                             text8        000000
__Ltext9                                             text9        000000
__S0                                                 (abs)        0014B8
__S1                                                 (abs)        000180
__S4                                                 (abs)        000000
__S5                                                 (abs)        000000
___heap_hi                                           (abs)        000000
___heap_lo                                           (abs)        000000
___inthi_sp                                          stack        000000
___inthi_stack_hi                                    stack        000000
___inthi_stack_lo                                    stack        000000
___intlo_sp                                          stack        000000
___intlo_stack_hi                                    stack        000000
___intlo_stack_lo                                    stack        000000
___param_bank                                        (abs)        000000
___rparam_used                                       (abs)        000001
___sp                                                stack        000000
___stack_hi                                          stack        000000
___stack_lo                                          stack        000000
__accesstop                                          (abs)        000060
__activetblptr                                       (abs)        000003
__end_of_CLOCK_Initialize                            text20       001456
__end_of_EUSART1_DefaultFramingErrorCallback         text32       0014B8
__end_of_EUSART1_DefaultOverrunErrorCallback         text31       0014A2
__end_of_EUSART1_FramingErrorCallbackRegister        text19       001430
__end_of_EUSART1_Initialize                          text17       001162
__end_of_EUSART1_OverrunErrorCallbackRegister        text18       001414
__end_of_EUSART1_ReceiveISR                          text30       00110A
__end_of_EUSART1_TransmitISR                         text29       001354
__end_of_INT0_SetInterruptHandler                    text16       00149C
__end_of_INT1_SetInterruptHandler                    text15       001492
__end_of_INT2_SetInterruptHandler                    text14       001488
__end_of_INT3_SetInterruptHandler                    text13       00147E
__end_of_INTERRUPT_Initialize                        text12       0011AE
__end_of_INTERRUPT_InterruptManagerHigh              intcode      0000F6
__end_of_MyTimer0Callback                            text27       00123C
__end_of_MyTimer1Callback                            text26       0011F6
__end_of_PIN_MANAGER_Initialize                      text11       0013AA
__end_of_SYSTEM_Initialize                           text5        00144A
__end_of_TMR0_DefaultOverflowCallback                text28       0014B6
__end_of_TMR0_Initialize                             text9        0013F8
__end_of_TMR0_OverflowCallbackRegister               text10       001474
__end_of_TMR0_OverflowISR                            text25       001320
__end_of_TMR0_Start                                  text4        0014B2
__end_of_TMR0_TMRInterruptEnable                     text3        0014AE
__end_of_TMR1_CounterSet                             text24       0013D2
__end_of_TMR1_DefaultOverflowCallback                text23       0014B4
__end_of_TMR1_GateCallbackRegister                   text8        00146A
__end_of_TMR1_Initialize                             text6        0012B0
__end_of_TMR1_OverflowCallbackRegister               text7        001460
__end_of_TMR1_OverflowISR                            text22       0012EA
__end_of_TMR1_Start                                  text2        0014AA
__end_of_TMR1_TMRInterruptEnable                     text1        0014A6
__end_of_UART1                                       smallconst   001031
__end_of__initialization                             cinit        001378
__end_of_main                                        text0        001276
__initialization                                     cinit        001354
__mediumconst                                        mediumconst  000000
__pbssBANK0                                          bssBANK0     000060
__pbssBANK1                                          bssBANK1     000100
__pbssCOMRAM                                         bssCOMRAM    000001
__pcinit                                             cinit        001354
__pcstackCOMRAM                                      cstackCOMRAM 000023
__pintcode                                           intcode      000008
__pnvCOMRAM                                          nvCOMRAM     00002F
__psmallconst                                        smallconst   001000
__ptext0                                             text0        00123C
__ptext1                                             text1        0014A2
__ptext10                                            text10       00146A
__ptext11                                            text11       001382
__ptext12                                            text12       001162
__ptext13                                            text13       001474
__ptext14                                            text14       00147E
__ptext15                                            text15       001488
__ptext16                                            text16       001492
__ptext17                                            text17       00110A
__ptext18                                            text18       0013F8
__ptext19                                            text19       001414
__ptext2                                             text2        0014A6
__ptext20                                            text20       00144A
__ptext22                                            text22       0012B0
__ptext23                                            text23       0014B2
__ptext24                                            text24       0013AA
__ptext25                                            text25       0012EA
__ptext26                                            text26       0011AE
__ptext27                                            text27       0011F6
__ptext28                                            text28       0014B4
__ptext29                                            text29       001320
__ptext3                                             text3        0014AA
__ptext30                                            text30       001032
__ptext31                                            text31       00149C
__ptext32                                            text32       0014B6
__ptext4                                             text4        0014AE
__ptext5                                             text5        001430
__ptext6                                             text6        001276
__ptext7                                             text7        001456
__ptext8                                             text8        001460
__ptext9                                             text9        0013D2
__ramtop                                             ramtop       001000
__smallconst                                         smallconst   001000
_eusart1RxBuffer                                     bssBANK1     000100
_eusart1RxCount                                      bssCOMRAM    00001D
_eusart1RxHead                                       bssCOMRAM    00001F
_eusart1RxLastError                                  bssCOMRAM    000009
_eusart1RxStatusBuffer                               bssBANK0     000060
_eusart1RxTail                                       bssCOMRAM    00001E
_eusart1TxBuffer                                     bssBANK1     000140
_eusart1TxBufferRemaining                            bssCOMRAM    000020
_eusart1TxHead                                       bssCOMRAM    000022
_eusart1TxTail                                       bssCOMRAM    000021
_main                                                text0        00123C
_timer0_counter                                      bssCOMRAM    00000D
_timer1ReloadVal                                     bssCOMRAM    000011
_timer1_counter                                      bssCOMRAM    00000B
_tmr0PeriodCount                                     bssCOMRAM    000013
btemp                                                temp         000039
end_of_initialization                                cinit        001378
int$flags                                            temp         000039
intlevel0                                            text         000000
intlevel1                                            text         000000
intlevel2                                            text         000000
intlevel3                                            text         000000
isa$std                                              (abs)        000001
isa$xinst                                            (abs)        000000
stackhi                                              (abs)        000000
stacklo                                              (abs)        000000
start                                                init         0000F6
start_initialization                                 cinit        001354
ttemp5                                               temp         00003A
ttemp6                                               temp         00003D
ttemp7                                               temp         000041
wtemp8                                               temp         00003A


MODULE INFORMATION

Module		Function		Class		Link	Load	Size
mcc_generated_files/timer/src/tmr1.c
		_TMR1_Initialize		CODE           	1276	0000	58
		_TMR1_Start    		CODE           	14A6	0000	4
		_TMR1_TMRInterruptEnable		CODE           	14A2	0000	4
		_TMR1_OverflowCallbackRegister		CODE           	1456	0000	10
		_TMR1_DefaultOverflowCallback		CODE           	14B2	0000	2
		_TMR1_GateCallbackRegister		CODE           	1460	0000	10
		_TMR1_CounterSet		CODE           	13AA	0000	40
		_TMR1_OverflowISR		CODE           	12B0	0000	58

mcc_generated_files/timer/src/tmr1.c estimated size: 186

mcc_generated_files/system/src/interrupt.c
		_INT0_SetInterruptHandler		CODE           	1492	0000	10
		_INT1_SetInterruptHandler		CODE           	1488	0000	10
		_INT2_SetInterruptHandler		CODE           	147E	0000	10
		_INTERRUPT_Initialize		CODE           	1162	0000	76
		_INT3_SetInterruptHandler		CODE           	1474	0000	10
		_INTERRUPT_InterruptManagerHigh		CODE           	0008	0000	238

mcc_generated_files/system/src/interrupt.c estimated size: 354

mcc_generated_files/system/src/pins.c
		_PIN_MANAGER_Initialize		CODE           	1382	0000	40

mcc_generated_files/system/src/pins.c estimated size: 40

shared
		__initialization		CODE           	1354	0000	36
		_UART1         		SMALLCONST     	1001	0000	48

shared estimated size: 84

mcc_generated_files/system/src/clock.c
		_CLOCK_Initialize		CODE           	144A	0000	12

mcc_generated_files/system/src/clock.c estimated size: 12

mcc_generated_files/timer/src/tmr0.c
		_TMR0_OverflowCallbackRegister		CODE           	146A	0000	10
		_TMR0_DefaultOverflowCallback		CODE           	14B4	0000	2
		_TMR0_OverflowISR		CODE           	12EA	0000	54
		_TMR0_Initialize		CODE           	13D2	0000	38
		_TMR0_Start    		CODE           	14AE	0000	4
		_TMR0_TMRInterruptEnable		CODE           	14AA	0000	4

mcc_generated_files/timer/src/tmr0.c estimated size: 112

main.c
		_MyTimer0Callback		CODE           	11F6	0000	70
		_MyTimer1Callback		CODE           	11AE	0000	72
		_main          		CODE           	123C	0000	58

main.c estimated size: 200

mcc_generated_files/uart/src/eusart1.c
		_EUSART1_Initialize		CODE           	110A	0000	88
		_EUSART1_ReceiveISR		CODE           	1032	0000	216
		_EUSART1_DefaultFramingErrorCallback		CODE           	14B6	0000	2
		_EUSART1_TransmitISR		CODE           	1320	0000	52
		_EUSART1_FramingErrorCallbackRegister		CODE           	1414	0000	28
		_EUSART1_OverrunErrorCallbackRegister		CODE           	13F8	0000	28
		_EUSART1_DefaultOverrunErrorCallback		CODE           	149C	0000	6

mcc_generated_files/uart/src/eusart1.c estimated size: 420

mcc_generated_files/system/src/system.c
		_SYSTEM_Initialize		CODE           	1430	0000	26

mcc_generated_files/system/src/system.c estimated size: 26

